Microchip MPLAB XC8 Compiler V2.10 ()

Linker command line:

-W-3 --edf=C:\Program Files (x86)\Microchip\xc8\v2.10\pic\dat\en_msgs.txt \
  -cs -h+dist/default/production\i2c_test.X.production.sym \
  --cmf=dist/default/production\i2c_test.X.production.cmf -z -Q16F1827 \
  -oC:\Users\kingd\AppData\Local\Temp\su1s.2 --defsym=__MPLAB_BUILD=1 \
  -Mdist/default/production/i2c_test.X.production.map -E1 -ver=XC8 \
  --acfsm=1493 -ASTACK=02082h-0216Fh -pstack=STACK -ACODE=00h-07FFhx2 \
  -ASTRCODE=00h-0FFFh -ASTRING=00h-0FFhx16 -ACONST=00h-0FFhx16 \
  -AENTRY=00h-0FFhx16 -ACOMMON=070h-07Fh -ABANK0=020h-06Fh \
  -ABANK1=0A0h-0EFh -ABANK2=0120h-016Fh -ABANK3=01A0h-01EFh \
  -ABANK4=0220h-024Fh -ABIGRAM=02000h-0216Fh \
  -ARAM=020h-06Fh,0A0h-0EFh,0120h-016Fh,01A0h-01EFh,0220h-024Fh \
  -AABS1=020h-07Fh,0A0h-0EFh,0120h-016Fh,01A0h-01EFh,0220h-024Fh \
  -ASFR0=00h-01Fh -ASFR1=080h-09Fh -ASFR2=0100h-011Fh -ASFR3=0180h-019Fh \
  -ASFR4=0200h-021Fh -ASFR5=0280h-02EFh -ASFR6=0300h-036Fh \
  -ASFR7=0380h-03EFh -ASFR8=0400h-046Fh -ASFR9=0480h-04EFh \
  -ASFR10=0500h-056Fh -ASFR11=0580h-05EFh -ASFR12=0600h-066Fh \
  -ASFR13=0680h-06EFh -ASFR14=0700h-076Fh -ASFR15=0780h-07EFh \
  -ASFR16=0800h-086Fh -ASFR17=0880h-08EFh -ASFR18=0900h-096Fh \
  -ASFR19=0980h-09EFh -ASFR20=0A00h-0A6Fh -ASFR21=0A80h-0AEFh \
  -ASFR22=0B00h-0B6Fh -ASFR23=0B80h-0BEFh -ASFR24=0C00h-0C6Fh \
  -ASFR25=0C80h-0CEFh -ASFR26=0D00h-0D6Fh -ASFR27=0D80h-0DEFh \
  -ASFR28=0E00h-0E6Fh -ASFR29=0E80h-0EEFh -ASFR30=0F00h-0F6Fh \
  -ASFR31=0F80h-0FEFh -preset_vec=00h,intentry,init,end_init -ppowerup=CODE \
  -pcinit=CODE -pfunctab=ENTRY -ACONFIG=08007h-08008h -pconfig=CONFIG \
  -DCONFIG=2 -AIDLOC=08000h-08003h -pidloc=IDLOC -DIDLOC=2 \
  -AEEDATA=00h-0FFh/0F000h -peeprom_data=EEDATA -DEEDATA=2 -DCODE=2 \
  -DSTRCODE=2 -DSTRING=2 -DCONST=2 -DENTRY=2 -k \
  C:\Users\kingd\AppData\Local\Temp\su1s.o \
  dist/default/production\i2c_test.X.production.o 

Object code version is 3.11

Machine type is 16F1827



                Name                               Link     Load   Length Selector   Space Scale
C:\Users\kingd\AppData\Local\Temp\su1s.o
                end_init                              2        2        2        0       0
                reset_vec                             0        0        2        0       0
                config                             8007     8007        2    1000E       0
dist/default/production\i2c_test.X.production.o
                cinit                               7E4      7E4       1C      FC8       0
                text29                              2E5      2E5       60      5CA       0
                text28                                B        B        F       16       0
                text27                              575      575      101      AEA       0
                text26                              48B      48B       EA      916       0
                text25                               CD       CD       1A      19A       0
                text24                              FF3      FF3        D     1FE6       0
                text23                              FDD      FDD        B     1FBA       0
                text22                              FE8      FE8        B     1FD0       0
                text21                               6E       6E       14       DC       0
                text20                               29       29       11       52       0
                text19                              FD7      FD7        6     1FAE       0
                text18                              1F3      1F3       3F      3E6       0
                text17                              106      106       28      20C       0
                text16                               82       82       19      104       0
                text15                              232      232       59      464       0
                text14                              676      676      16E      CEC       0
                text13                              3B0      3B0       DB      760       0
                text12                              156      156       31      2AC       0
                text11                               5C       5C       12       B8       0
                text10                               9B       9B       19      136       0
                text9                                3A       3A       11       74       0
                text8                               187      187       31      30E       0
                text7                                1A       1A        F       34       0
                text6                               28B      28B       5A      516       0
                text5                               1B8      1B8       3B      370       0
                text4                                E7       E7       1F      1CE       0
                text3                               12E      12E       28      25C       0
                text2                                4B       4B       11       96       0
                text1                                B4       B4       19      168       0
                maintext                            345      345       6B      68A       0
                cstackBANK0                          20       20       4F       20       1
                cstackCOMMON                         70       70        E       70       1
                cstackBANK1                          C8       C8        6       A0       1
                clrtext                               5        5        6        A       0
                dataBANK1                            CE       CE        4       A0       1
                bssBANK1                             A0       A0       28       A0       1
                stringtext5                         825      825        6     1000       0
                stringtext4                         81F      81F        6     1000       0
                stringtext3                         816      816        9     1000       0
                stringtext2                         80D      80D        9     1000       0
                stringtext1                         800      800        D     1000       0
                idataBANK1                          FD3      FD3        4     1FA6       0

TOTAL           Name                               Link     Load   Length     Space
        CLASS   STACK          

        CLASS   CODE           
                end_init                              2        2        2         0
                cinit                               7E4      7E4       1C         0
                reset_vec                             0        0        2         0
                text29                              2E5      2E5       60         0
                text28                                B        B        F         0
                text27                              575      575      101         0
                text26                              48B      48B       EA         0
                text25                               CD       CD       1A         0
                text24                              FF3      FF3        D         0
                text23                              FDD      FDD        B         0
                text22                              FE8      FE8        B         0
                text21                               6E       6E       14         0
                text20                               29       29       11         0
                text19                              FD7      FD7        6         0
                text18                              1F3      1F3       3F         0
                text17                              106      106       28         0
                text16                               82       82       19         0
                text15                              232      232       59         0
                text14                              676      676      16E         0
                text13                              3B0      3B0       DB         0
                text12                              156      156       31         0
                text11                               5C       5C       12         0
                text10                               9B       9B       19         0
                text9                                3A       3A       11         0
                text8                               187      187       31         0
                text7                                1A       1A        F         0
                text6                               28B      28B       5A         0
                text5                               1B8      1B8       3B         0
                text4                                E7       E7       1F         0
                text3                               12E      12E       28         0
                text2                                4B       4B       11         0
                text1                                B4       B4       19         0
                maintext                            345      345       6B         0
                clrtext                               5        5        6         0
                idataBANK1                          FD3      FD3        4         0

        CLASS   STRCODE        
                stringtext5                         825      825        6         0
                stringtext4                         81F      81F        6         0
                stringtext3                         816      816        9         0
                stringtext2                         80D      80D        9         0
                stringtext1                         800      800        D         0

        CLASS   STRING         

        CLASS   CONST          

        CLASS   ENTRY          

        CLASS   COMMON         
                cstackCOMMON                         70       70        E         1

        CLASS   BANK0          
                cstackBANK0                          20       20       4F         1

        CLASS   BANK1          
                cstackBANK1                          C8       C8        6         1
                dataBANK1                            CE       CE        4         1
                bssBANK1                             A0       A0       28         1

        CLASS   BANK2          

        CLASS   BANK3          

        CLASS   BANK4          

        CLASS   BIGRAM         

        CLASS   RAM            

        CLASS   ABS1           
                abs_s1                               7E       7E        2         1

        CLASS   SFR0           

        CLASS   SFR1           

        CLASS   SFR2           

        CLASS   SFR3           

        CLASS   SFR4           

        CLASS   SFR5           

        CLASS   SFR6           

        CLASS   SFR7           

        CLASS   SFR8           

        CLASS   SFR9           

        CLASS   SFR10          

        CLASS   SFR11          

        CLASS   SFR12          

        CLASS   SFR13          

        CLASS   SFR14          

        CLASS   SFR15          

        CLASS   SFR16          

        CLASS   SFR17          

        CLASS   SFR18          

        CLASS   SFR19          

        CLASS   SFR20          

        CLASS   SFR21          

        CLASS   SFR22          

        CLASS   SFR23          

        CLASS   SFR24          

        CLASS   SFR25          

        CLASS   SFR26          

        CLASS   SFR27          

        CLASS   SFR28          

        CLASS   SFR29          

        CLASS   SFR30          

        CLASS   SFR31          

        CLASS   CONFIG         
                config                             8007     8007        2         0

        CLASS   IDLOC          

        CLASS   EEDATA         

        CLASS   BANK31         

        CLASS   BANK30         

        CLASS   BANK29         

        CLASS   BANK28         

        CLASS   BANK27         

        CLASS   BANK26         

        CLASS   BANK25         

        CLASS   BANK24         

        CLASS   BANK23         

        CLASS   BANK22         

        CLASS   BANK21         

        CLASS   BANK20         

        CLASS   BANK19         

        CLASS   BANK18         

        CLASS   BANK17         

        CLASS   BANK16         

        CLASS   BANK15         

        CLASS   BANK14         

        CLASS   BANK13         

        CLASS   BANK12         

        CLASS   BANK11         

        CLASS   BANK10         

        CLASS   BANK9          

        CLASS   BANK8          

        CLASS   BANK7          

        CLASS   BANK6          

        CLASS   BANK5          



SEGMENTS        Name                           Load    Length   Top    Selector   Space  Class     Delta

                reset_vec                      000000  000004  000004         0       0  CODE        2
                clrtext                        000005  000006  00000B         A       0  CODE        2
                text28                         00000B  00000F  00001A        16       0  CODE        2
                cstackBANK0                    000020  00004F  00006F        20       1  BANK0       1
                text7                          00001A  00000F  000029        34       0  CODE        2
                text20                         000029  000011  00003A        52       0  CODE        2
                cstackCOMMON                   000070  00000E  00007E        70       1  COMMON      1
                text9                          00003A  000011  00004B        74       0  CODE        2
                text2                          00004B  000011  00005C        96       0  CODE        2
                bssBANK1                       0000A0  000032  0000D2        A0       1  BANK1       1
                text11                         00005C  000012  00006E        B8       0  CODE        2
                text21                         00006E  000014  000082        DC       0  CODE        2
                text16                         000082  000019  00009B       104       0  CODE        2
                text10                         00009B  000019  0000B4       136       0  CODE        2
                text1                          0000B4  000019  0000CD       168       0  CODE        2
                text25                         0000CD  00001A  0000E7       19A       0  CODE        2
                text4                          0000E7  00001F  000106       1CE       0  CODE        2
                text17                         000106  000028  00012E       20C       0  CODE        2
                text3                          00012E  000028  000156       25C       0  CODE        2
                text12                         000156  000031  000187       2AC       0  CODE        2
                text8                          000187  000031  0001B8       30E       0  CODE        2
                text5                          0001B8  00003B  0001F3       370       0  CODE        2
                text18                         0001F3  00003F  000232       3E6       0  CODE        2
                text15                         000232  000059  00028B       464       0  CODE        2
                text6                          00028B  00005A  0002E5       516       0  CODE        2
                text29                         0002E5  000060  000345       5CA       0  CODE        2
                maintext                       000345  00006B  0003B0       68A       0  CODE        2
                text13                         0003B0  0000DB  00048B       760       0  CODE        2
                text26                         00048B  0000EA  000575       916       0  CODE        2
                text27                         000575  000101  000676       AEA       0  CODE        2
                text14                         000676  00016E  0007E4       CEC       0  CODE        2
                cinit                          0007E4  00001C  000800       FC8       0  CODE        2
                stringtext1                    000800  00002B  00082B      1000       0  STRCODE     2
                idataBANK1                     000FD3  000004  000FD7      1FA6       0  CODE        2
                text19                         000FD7  000006  000FDD      1FAE       0  CODE        2
                text23                         000FDD  00000B  000FE8      1FBA       0  CODE        2
                text22                         000FE8  00000B  000FF3      1FD0       0  CODE        2
                text24                         000FF3  00000D  001000      1FE6       0  CODE        2
                config                         008007  000002  008009     1000E       0  CONFIG      2


UNUSED ADDRESS RANGES

        Name                Unused          Largest block    Delta
        BANK0            0006F-0006F               1           1
        BANK1            000D2-000EF              1E           1
        BANK2            00120-0016F              50           1
        BANK3            001A0-001EF              50           1
        BANK4            00220-0024F              30           1
        BIGRAM           02000-0216F             170           1
        CODE             00004-00004               1           2
                         0082B-00FD2             7A8
        CONST            00004-00004               1           2
                         0082B-00FD2             100
        EEDATA           0F000-0F0FF             100           2
        ENTRY            00004-00004               1           2
                         0082B-00FD2             100
        IDLOC            08000-08003               4           2
        RAM              0006F-0006F               1           1
                         000D2-000EF              1E
                         00120-0016F              50
                         001A0-001EF              50
                         00220-0024F              30
        SFR0             00000-0001F              20           1
        SFR1             00080-0009F              20           1
        SFR10            00500-0056F              70           1
        SFR11            00580-005EF              70           1
        SFR12            00600-0066F              70           1
        SFR13            00680-006EF              70           1
        SFR14            00700-0076F              70           1
        SFR15            00780-007EF              70           1
        SFR16            00800-0086F              70           1
        SFR17            00880-008EF              70           1
        SFR18            00900-0096F              70           1
        SFR19            00980-009EF              70           1
        SFR2             00100-0011F              20           1
        SFR20            00A00-00A6F              70           1
        SFR21            00A80-00AEF              70           1
        SFR22            00B00-00B6F              70           1
        SFR23            00B80-00BEF              70           1
        SFR24            00C00-00C6F              70           1
        SFR25            00C80-00CEF              70           1
        SFR26            00D00-00D6F              70           1
        SFR27            00D80-00DEF              70           1
        SFR28            00E00-00E6F              70           1
        SFR29            00E80-00EEF              70           1
        SFR3             00180-0019F              20           1
        SFR30            00F00-00F6F              70           1
        SFR31            00F80-00FEF              70           1
        SFR4             00200-0021F              20           1
        SFR5             00280-002EF              70           1
        SFR6             00300-0036F              70           1
        SFR7             00380-003EF              70           1
        SFR8             00400-0046F              70           1
        SFR9             00480-004EF              70           1
        STACK            02082-0216F              EE           1
        STRCODE          00004-00004               1           2
                         0082B-00FD2             7A8
        STRING           00004-00004               1           2
                         0082B-00FD2             100

                                  Symbol Table

?___aodiv                cstackBANK0  00020
?___aomod                cstackBANK0  00020
?___awdiv                cstackCOMMON 00076
?___lldiv                cstackCOMMON 00070
?___wmul                 cstackCOMMON 00070
?_abs                    cstackCOMMON 00073
?_adc_h                  cstackCOMMON 00070
?_dtoa                   cstackBANK0  00031
?_pad                    cstackBANK0  00028
?_printf                 cstackBANK0  00067
?_pwm_h                  cstackCOMMON 00076
?_strlen                 cstackCOMMON 00070
?_vfpfcnvrt              cstackBANK0  0004F
?_vfprintf               cstackBANK0  0005F
_ADCON0                  (abs)        0009D
_ADCON1                  (abs)        0009E
_ADRES                   (abs)        0009B
_ANSELA                  (abs)        0018C
_ANSELB                  (abs)        0018D
_CCP3CON                 (abs)        00313
_CCPR3L                  (abs)        00311
_CCPTMRS                 (abs)        0029E
_GO                      (abs)        004E9
_OSCCON                  (abs)        00099
_PR2                     (abs)        0001B
_RA0                     (abs)        00060
_RA1                     (abs)        00061
_RA4                     (abs)        00064
_RB0                     (abs)        00068
_SSP1ADD                 (abs)        00212
_SSP1BUF                 (abs)        00211
_SSP1CON1                (abs)        00215
_SSP1CON2bits            (abs)        00216
_SSP1CON3                (abs)        00217
_SSP1IF                  (abs)        0008B
_SSP1STAT                (abs)        00214
_SSPCON2bits             (abs)        00216
_T2CON                   (abs)        0001C
_TRISA                   (abs)        0008C
_TRISB                   (abs)        0008D
__CFG_BOREN$OFF          (abs)        00000
__CFG_BORV$LO            (abs)        00000
__CFG_CLKOUTEN$OFF       (abs)        00000
__CFG_CP$OFF             (abs)        00000
__CFG_CPD$OFF            (abs)        00000
__CFG_FCMEN$OFF          (abs)        00000
__CFG_FOSC$INTOSC        (abs)        00000
__CFG_IESO$OFF           (abs)        00000
__CFG_LVP$ON             (abs)        00000
__CFG_MCLRE$OFF          (abs)        00000
__CFG_PLLEN$OFF          (abs)        00000
__CFG_PWRTE$OFF          (abs)        00000
__CFG_STVREN$OFF         (abs)        00000
__CFG_WDTE$OFF           (abs)        00000
__CFG_WRT$OFF            (abs)        00000
__Habs1                  abs1         00000
__Hbank0                 bank0        00000
__Hbank1                 bank1        00000
__Hbank10                bank10       00000
__Hbank11                bank11       00000
__Hbank12                bank12       00000
__Hbank13                bank13       00000
__Hbank14                bank14       00000
__Hbank15                bank15       00000
__Hbank16                bank16       00000
__Hbank17                bank17       00000
__Hbank18                bank18       00000
__Hbank19                bank19       00000
__Hbank2                 bank2        00000
__Hbank20                bank20       00000
__Hbank21                bank21       00000
__Hbank22                bank22       00000
__Hbank23                bank23       00000
__Hbank24                bank24       00000
__Hbank25                bank25       00000
__Hbank26                bank26       00000
__Hbank27                bank27       00000
__Hbank28                bank28       00000
__Hbank29                bank29       00000
__Hbank3                 bank3        00000
__Hbank30                bank30       00000
__Hbank31                bank31       00000
__Hbank4                 bank4        00000
__Hbank5                 bank5        00000
__Hbank6                 bank6        00000
__Hbank7                 bank7        00000
__Hbank8                 bank8        00000
__Hbank9                 bank9        00000
__Hbigram                bigram       00000
__HbssBANK1              bssBANK1     00000
__Hcinit                 cinit        00800
__Hclrtext               clrtext      00000
__Hcode                  code         00000
__Hcommon                common       00000
__Hconfig                config       08009
__HcstackBANK0           cstackBANK0  00000
__HcstackBANK1           cstackBANK1  00000
__HcstackCOMMON          cstackCOMMON 00000
__HdataBANK1             dataBANK1    00000
__Heeprom_data           eeprom_data  00000
__Hend_init              end_init     00004
__Hfunctab               functab      00000
__HidataBANK1            idataBANK1   00000
__Hidloc                 idloc        00000
__Hinit                  init         00002
__Hintentry              intentry     00002
__Hmaintext              maintext     00000
__Hpowerup               powerup      00000
__Hram                   ram          00000
__Hreset_vec             reset_vec    00002
__Hsfr0                  sfr0         00000
__Hsfr1                  sfr1         00000
__Hsfr10                 sfr10        00000
__Hsfr11                 sfr11        00000
__Hsfr12                 sfr12        00000
__Hsfr13                 sfr13        00000
__Hsfr14                 sfr14        00000
__Hsfr15                 sfr15        00000
__Hsfr16                 sfr16        00000
__Hsfr17                 sfr17        00000
__Hsfr18                 sfr18        00000
__Hsfr19                 sfr19        00000
__Hsfr2                  sfr2         00000
__Hsfr20                 sfr20        00000
__Hsfr21                 sfr21        00000
__Hsfr22                 sfr22        00000
__Hsfr23                 sfr23        00000
__Hsfr24                 sfr24        00000
__Hsfr25                 sfr25        00000
__Hsfr26                 sfr26        00000
__Hsfr27                 sfr27        00000
__Hsfr28                 sfr28        00000
__Hsfr29                 sfr29        00000
__Hsfr3                  sfr3         00000
__Hsfr30                 sfr30        00000
__Hsfr31                 sfr31        00000
__Hsfr4                  sfr4         00000
__Hsfr5                  sfr5         00000
__Hsfr6                  sfr6         00000
__Hsfr7                  sfr7         00000
__Hsfr8                  sfr8         00000
__Hsfr9                  sfr9         00000
__Hspace_0               (abs)        08009
__Hspace_1               (abs)        000D2
__Hspace_2               (abs)        00000
__Hspace_3               (abs)        00000
__Hstack                 stack        00000
__Hstrings               strings      00000
__Hstringtext1           stringtext1  00000
__Hstringtext2           stringtext2  00000
__Hstringtext3           stringtext3  00000
__Hstringtext4           stringtext4  00000
__Hstringtext5           stringtext5  00000
__Hstringtext6           stringtext6  00000
__Htext                  text         00000
__Labs1                  abs1         00000
__Lbank0                 bank0        00000
__Lbank1                 bank1        00000
__Lbank10                bank10       00000
__Lbank11                bank11       00000
__Lbank12                bank12       00000
__Lbank13                bank13       00000
__Lbank14                bank14       00000
__Lbank15                bank15       00000
__Lbank16                bank16       00000
__Lbank17                bank17       00000
__Lbank18                bank18       00000
__Lbank19                bank19       00000
__Lbank2                 bank2        00000
__Lbank20                bank20       00000
__Lbank21                bank21       00000
__Lbank22                bank22       00000
__Lbank23                bank23       00000
__Lbank24                bank24       00000
__Lbank25                bank25       00000
__Lbank26                bank26       00000
__Lbank27                bank27       00000
__Lbank28                bank28       00000
__Lbank29                bank29       00000
__Lbank3                 bank3        00000
__Lbank30                bank30       00000
__Lbank31                bank31       00000
__Lbank4                 bank4        00000
__Lbank5                 bank5        00000
__Lbank6                 bank6        00000
__Lbank7                 bank7        00000
__Lbank8                 bank8        00000
__Lbank9                 bank9        00000
__Lbigram                bigram       00000
__LbssBANK1              bssBANK1     00000
__Lcinit                 cinit        007E4
__Lclrtext               clrtext      00000
__Lcode                  code         00000
__Lcommon                common       00000
__Lconfig                config       08007
__LcstackBANK0           cstackBANK0  00000
__LcstackBANK1           cstackBANK1  00000
__LcstackCOMMON          cstackCOMMON 00000
__LdataBANK1             dataBANK1    00000
__Leeprom_data           eeprom_data  00000
__Lend_init              end_init     00002
__Lfunctab               functab      00000
__LidataBANK1            idataBANK1   00000
__Lidloc                 idloc        00000
__Linit                  init         00002
__Lintentry              intentry     00002
__Lmaintext              maintext     00000
__Lpowerup               powerup      00000
__Lram                   ram          00000
__Lreset_vec             reset_vec    00000
__Lsfr0                  sfr0         00000
__Lsfr1                  sfr1         00000
__Lsfr10                 sfr10        00000
__Lsfr11                 sfr11        00000
__Lsfr12                 sfr12        00000
__Lsfr13                 sfr13        00000
__Lsfr14                 sfr14        00000
__Lsfr15                 sfr15        00000
__Lsfr16                 sfr16        00000
__Lsfr17                 sfr17        00000
__Lsfr18                 sfr18        00000
__Lsfr19                 sfr19        00000
__Lsfr2                  sfr2         00000
__Lsfr20                 sfr20        00000
__Lsfr21                 sfr21        00000
__Lsfr22                 sfr22        00000
__Lsfr23                 sfr23        00000
__Lsfr24                 sfr24        00000
__Lsfr25                 sfr25        00000
__Lsfr26                 sfr26        00000
__Lsfr27                 sfr27        00000
__Lsfr28                 sfr28        00000
__Lsfr29                 sfr29        00000
__Lsfr3                  sfr3         00000
__Lsfr30                 sfr30        00000
__Lsfr31                 sfr31        00000
__Lsfr4                  sfr4         00000
__Lsfr5                  sfr5         00000
__Lsfr6                  sfr6         00000
__Lsfr7                  sfr7         00000
__Lsfr8                  sfr8         00000
__Lsfr9                  sfr9         00000
__Lspace_0               (abs)        00000
__Lspace_1               (abs)        00000
__Lspace_2               (abs)        00000
__Lspace_3               (abs)        00000
__Lstack                 stack        00000
__Lstrings               strings      00000
__Lstringtext1           stringtext1  00000
__Lstringtext2           stringtext2  00000
__Lstringtext3           stringtext3  00000
__Lstringtext4           stringtext4  00000
__Lstringtext5           stringtext5  00000
__Lstringtext6           stringtext6  00000
__Ltext                  text         00000
__S0                     (abs)        08009
__S1                     (abs)        000D2
__S2                     (abs)        00000
__S3                     (abs)        00000
___aodiv                 text27       00575
___aodiv@counter         cstackCOMMON 00071
___aodiv@dividend        cstackBANK0  00028
___aodiv@divisor         cstackBANK0  00020
___aodiv@quotient        cstackCOMMON 00073
___aodiv@sign            cstackCOMMON 00072
___aomod                 text26       0048B
___aomod@counter         cstackCOMMON 00071
___aomod@dividend        cstackBANK0  00028
___aomod@divisor         cstackBANK0  00020
___aomod@sign            cstackCOMMON 00072
___awdiv                 text29       002E5
___awdiv@counter         cstackBANK0  00020
___awdiv@dividend        cstackCOMMON 00078
___awdiv@divisor         cstackCOMMON 00076
___awdiv@quotient        cstackBANK0  00022
___awdiv@sign            cstackBANK0  00021
___int_sp                stack        00000
___latbits               (abs)        00001
___lldiv                 text6        0028B
___lldiv@counter         cstackCOMMON 0007D
___lldiv@dividend        cstackCOMMON 00074
___lldiv@divisor         cstackCOMMON 00070
___lldiv@quotient        cstackCOMMON 00079
___sp                    stack        00000
___stackhi               (abs)        0216F
___stacklo               (abs)        02082
___wmul                  text4        000E7
___wmul@multiplicand     cstackCOMMON 00072
___wmul@multiplier       cstackCOMMON 00070
___wmul@product          cstackCOMMON 00074
__end_of___aodiv         text27       00676
__end_of___aomod         text26       00575
__end_of___awdiv         text29       00345
__end_of___lldiv         text6        002E5
__end_of___wmul          text4        00106
__end_of__initialization cinit        007FD
__end_of_abs             text25       000E7
__end_of_adc_h           text28       0001A
__end_of_dir_o           text10       000B4
__end_of_dtoa            text14       007E4
__end_of_fputc           text18       00232
__end_of_fputs           text17       0012E
__end_of_i2c_send        text24       01000
__end_of_i2c_start       text23       00FE8
__end_of_i2c_stop        text22       00FF3
__end_of_lcd_i2c         text21       00082
__end_of_lcd_init        text8        001B8
__end_of_lcd_pos         text7        00029
__end_of_lcd_send_char   text20       0003A
__end_of_lcd_send_com    text9        0004B
__end_of_main            maintext     003B0
__end_of_pad             text15       0028B
__end_of_picinit         text5        001F3
__end_of_printf          text11       0006E
__end_of_putch           text19       00FDD
__end_of_pwm_h           text3        00156
__end_of_pwm_lcd         text2        0005C
__end_of_reset_o         text1        000CD
__end_of_strlen          text16       0009B
__end_of_vfpfcnvrt       text13       0048B
__end_of_vfprintf        text12       00187
__initialization         cinit        007E4
__pbssBANK1              bssBANK1     000A0
__pcstackBANK0           cstackBANK0  00020
__pcstackBANK1           cstackBANK1  000C8
__pcstackCOMMON          cstackCOMMON 00070
__pdataBANK1             dataBANK1    000CE
__pidataBANK1            idataBANK1   00FD3
__pmaintext              maintext     00345
__pstringtext1           stringtext1  00800
__pstringtext2           stringtext2  0080D
__pstringtext3           stringtext3  00816
__pstringtext4           stringtext4  0081F
__pstringtext5           stringtext5  00825
__pstringtext6           stringtext6  00000
__ptext1                 text1        000B4
__ptext10                text10       0009B
__ptext11                text11       0005C
__ptext12                text12       00156
__ptext13                text13       003B0
__ptext14                text14       00676
__ptext15                text15       00232
__ptext16                text16       00082
__ptext17                text17       00106
__ptext18                text18       001F3
__ptext19                text19       00FD7
__ptext2                 text2        0004B
__ptext20                text20       00029
__ptext21                text21       0006E
__ptext22                text22       00FE8
__ptext23                text23       00FDD
__ptext24                text24       00FF3
__ptext25                text25       000CD
__ptext26                text26       0048B
__ptext27                text27       00575
__ptext28                text28       0000B
__ptext29                text29       002E5
__ptext3                 text3        0012E
__ptext4                 text4        000E7
__ptext5                 text5        001B8
__ptext6                 text6        0028B
__ptext7                 text7        0001A
__ptext8                 text8        00187
__ptext9                 text9        0003A
__size_of___aodiv        (abs)        00000
__size_of___aomod        (abs)        00000
__size_of___awdiv        (abs)        00000
__size_of___lldiv        (abs)        00000
__size_of___wmul         (abs)        00000
__size_of_abs            (abs)        00000
__size_of_adc_h          (abs)        00000
__size_of_dir_o          (abs)        00000
__size_of_dtoa           (abs)        00000
__size_of_fputc          (abs)        00000
__size_of_fputs          (abs)        00000
__size_of_i2c_send       (abs)        00000
__size_of_i2c_start      (abs)        00000
__size_of_i2c_stop       (abs)        00000
__size_of_lcd_i2c        (abs)        00000
__size_of_lcd_init       (abs)        00000
__size_of_lcd_pos        (abs)        00000
__size_of_lcd_send_char  (abs)        00000
__size_of_lcd_send_com   (abs)        00000
__size_of_main           (abs)        00000
__size_of_pad            (abs)        00000
__size_of_picinit        (abs)        00000
__size_of_printf         (abs)        00000
__size_of_putch          (abs)        00000
__size_of_pwm_h          (abs)        00000
__size_of_pwm_lcd        (abs)        00000
__size_of_reset_o        (abs)        00000
__size_of_strlen         (abs)        00000
__size_of_vfpfcnvrt      (abs)        00000
__size_of_vfprintf       (abs)        00000
_abs                     text25       000CD
_adc_h                   text28       0000B
_dbuf                    bssBANK1     000A8
_dir_o                   text10       0009B
_dtoa                    text14       00676
_dtoa$403                cstackBANK0  0003C
_flags                   bssBANK1     000A6
_fputc                   text18       001F3
_fputs                   text17       00106
_i2c_send                text24       00FF3
_i2c_start               text23       00FDD
_i2c_stop                text22       00FE8
_lcd_i2c                 text21       0006E
_lcd_init                text8        00187
_lcd_pos                 text7        0001A
_lcd_send_char           text20       00029
_lcd_send_com            text9        0003A
_main                    maintext     00345
_nout                    bssBANK1     000A0
_pad                     text15       00232
_picinit                 text5        001B8
_prec                    bssBANK1     000A4
_printf                  text11       0005C
_putch                   text19       00FD7
_pwm_freq                dataBANK1    000CE
_pwm_h                   text3        0012E
_pwm_lcd                 text2        0004B
_reset_o                 text1        000B4
_strlen                  text16       00082
_vfpfcnvrt               text13       003B0
_vfprintf                text12       00156
_width                   bssBANK1     000A2
abs@a                    cstackCOMMON 00073
adc_h@adc                cstackCOMMON 00072
btemp                    (abs)        0007E
clear_ram0               clrtext      00005
dtoa@d                   cstackBANK0  00031
dtoa@fp                  cstackBANK0  00040
dtoa@i                   cstackBANK0  0004D
dtoa@n                   cstackBANK0  00045
dtoa@p                   cstackBANK0  0003E
dtoa@s                   cstackBANK0  00043
dtoa@w                   cstackBANK0  00041
end_of_initialization    cinit        007FD
fputc@c                  cstackCOMMON 00076
fputc@fp                 cstackCOMMON 00078
fputs@c                  cstackBANK0  00024
fputs@fp                 cstackBANK0  00020
fputs@i                  cstackBANK0  00025
fputs@s                  cstackBANK0  00027
i2c_send@data            cstackCOMMON 00070
intlevel0                functab      00000
intlevel1                functab      00000
intlevel2                functab      00000
intlevel3                functab      00000
intlevel4                functab      00000
intlevel5                functab      00000
lcd_i2c@con              cstackCOMMON 00072
lcd_i2c@data             cstackCOMMON 00071
lcd_pos@pos_x            cstackCOMMON 00077
lcd_pos@pos_y            cstackCOMMON 00075
lcd_send_char@data       cstackCOMMON 00074
lcd_send_com@command     cstackCOMMON 00074
pad@buf                  cstackBANK0  00028
pad@fp                   cstackBANK0  00030
pad@i                    cstackBANK0  0002C
pad@p                    cstackBANK0  00029
pad@w                    cstackBANK0  0002E
printf@ap                cstackBANK0  0006E
printf@fmt               cstackBANK0  00067
putch@character          cstackCOMMON 00075
pwm_h@poripori           cstackBANK0  00022
pwm_h@pwm                cstackBANK0  00020
pwm_h@volt               cstackCOMMON 00076
pwm_lcd@duty             cstackBANK1  000C8
reset_vec                reset_vec    00000
start                    init         00002
start_initialization     cinit        007E4
strlen@a                 cstackCOMMON 00073
strlen@s                 cstackCOMMON 00074
vfpfcnvrt@ap             cstackBANK0  00050
vfpfcnvrt@fmt            cstackBANK0  0004F
vfpfcnvrt@fp             cstackBANK0  0005E
vfpfcnvrt@ll             cstackBANK0  00056
vfprintf@ap              cstackBANK0  00061
vfprintf@cfmt            cstackBANK0  00065
vfprintf@fmt             cstackBANK0  0005F
vfprintf@fp              cstackBANK0  00064
wtemp0                   (abs)        0007E


FUNCTION INFORMATION:

 *************** function _main *****************
 Defined at:
		line 178 in file "newfile.c"
 Parameters:    Size  Location     Type
		None
 Auto vars:     Size  Location     Type
		None
 Return value:  Size  Location     Type
                  2  128[None  ] int 
 Registers used:
		wreg, fsr0l, fsr0h, fsr1l, fsr1h, status,2, status,0, pclath, cstack
 Tracked objects:
		On entry : 
		On exit  : 
		Unchanged: 
 Data sizes:     COMMON   BANK0   BANK1   BANK2   BANK3   BANK4
      Params:         0       0       0       0       0       0
      Locals:         0       0       0       0       0       0
      Temps:          0       0       4       0       0       0
      Totals:         0       0       4       0       0       0
Total ram usage:        4 bytes
 Hardware stack levels required when called:   12
 This function calls:
		___awdiv
		___wmul
		_adc_h
		_dir_o
		_lcd_init
		_lcd_pos
		_picinit
		_pwm_h
		_pwm_lcd
		_reset_o
 This function is called by:
		Startup code after reset
 This function uses a non-reentrant model


 *************** function _reset_o *****************
 Defined at:
		line 168 in file "newfile.c"
 Parameters:    Size  Location     Type
		None
 Auto vars:     Size  Location     Type
		None
 Return value:  Size  Location     Type
                  1    wreg      void 
 Registers used:
		wreg, fsr0l, fsr0h, fsr1l, fsr1h, status,2, status,0, pclath, cstack
 Tracked objects:
		On entry : 
		On exit  : 
		Unchanged: 
 Data sizes:     COMMON   BANK0   BANK1   BANK2   BANK3   BANK4
      Params:         0       0       0       0       0       0
      Locals:         0       0       0       0       0       0
      Temps:          0       0       0       0       0       0
      Totals:         0       0       0       0       0       0
Total ram usage:        0 bytes
 Hardware stack levels used:    1
 Hardware stack levels required when called:   11
 This function calls:
		_printf
 This function is called by:
		_main
 This function uses a non-reentrant model


 *************** function _pwm_lcd *****************
 Defined at:
		line 154 in file "newfile.c"
 Parameters:    Size  Location     Type
  duty            2    0[BANK1 ] unsigned int 
 Auto vars:     Size  Location     Type
		None
 Return value:  Size  Location     Type
                  1    wreg      void 
 Registers used:
		wreg, fsr0l, fsr0h, fsr1l, fsr1h, status,2, status,0, pclath, cstack
 Tracked objects:
		On entry : 
		On exit  : 
		Unchanged: 
 Data sizes:     COMMON   BANK0   BANK1   BANK2   BANK3   BANK4
      Params:         0       0       2       0       0       0
      Locals:         0       0       0       0       0       0
      Temps:          0       0       0       0       0       0
      Totals:         0       0       2       0       0       0
Total ram usage:        2 bytes
 Hardware stack levels used:    1
 Hardware stack levels required when called:   11
 This function calls:
		_printf
 This function is called by:
		_main
 This function uses a non-reentrant model


 *************** function _pwm_h *****************
 Defined at:
		line 146 in file "newfile.c"
 Parameters:    Size  Location     Type
  volt            4    6[COMMON] unsigned long 
 Auto vars:     Size  Location     Type
  poripori        2    2[BANK0 ] unsigned int 
  pwm             2    0[BANK0 ] unsigned int 
 Return value:  Size  Location     Type
                  2    6[COMMON] int 
 Registers used:
		wreg, status,2, status,0, pclath, cstack
 Tracked objects:
		On entry : 
		On exit  : 
		Unchanged: 
 Data sizes:     COMMON   BANK0   BANK1   BANK2   BANK3   BANK4
      Params:         4       0       0       0       0       0
      Locals:         0       4       0       0       0       0
      Temps:          2       0       0       0       0       0
      Totals:         6       4       0       0       0       0
Total ram usage:       10 bytes
 Hardware stack levels used:    1
 Hardware stack levels required when called:    1
 This function calls:
		___wmul
 This function is called by:
		_main
 This function uses a non-reentrant model


 *************** function ___wmul *****************
 Defined at:
		line 15 in file "C:\Program Files (x86)\Microchip\xc8\v2.10\pic\sources\c99\common\Umul16.c"
 Parameters:    Size  Location     Type
  multiplier      2    0[COMMON] unsigned int 
  multiplicand    2    2[COMMON] unsigned int 
 Auto vars:     Size  Location     Type
  product         2    4[COMMON] unsigned int 
 Return value:  Size  Location     Type
                  2    0[COMMON] unsigned int 
 Registers used:
		wreg, status,2, status,0
 Tracked objects:
		On entry : 
		On exit  : 
		Unchanged: 
 Data sizes:     COMMON   BANK0   BANK1   BANK2   BANK3   BANK4
      Params:         4       0       0       0       0       0
      Locals:         2       0       0       0       0       0
      Temps:          0       0       0       0       0       0
      Totals:         6       0       0       0       0       0
Total ram usage:        6 bytes
 Hardware stack levels used:    1
 This function calls:
		Nothing
 This function is called by:
		_pwm_h
		_main
 This function uses a non-reentrant model


 *************** function _picinit *****************
 Defined at:
		line 35 in file "newfile.c"
 Parameters:    Size  Location     Type
		None
 Auto vars:     Size  Location     Type
		None
 Return value:  Size  Location     Type
                  1    wreg      void 
 Registers used:
		wreg, status,2, status,0, pclath, cstack
 Tracked objects:
		On entry : 
		On exit  : 
		Unchanged: 
 Data sizes:     COMMON   BANK0   BANK1   BANK2   BANK3   BANK4
      Params:         0       0       0       0       0       0
      Locals:         0       0       0       0       0       0
      Temps:          0       0       0       0       0       0
      Totals:         0       0       0       0       0       0
Total ram usage:        0 bytes
 Hardware stack levels used:    1
 Hardware stack levels required when called:    1
 This function calls:
		___lldiv
 This function is called by:
		_main
 This function uses a non-reentrant model


 *************** function ___lldiv *****************
 Defined at:
		line 5 in file "C:\Program Files (x86)\Microchip\xc8\v2.10\pic\sources\c99\common\__lldiv.c"
 Parameters:    Size  Location     Type
  divisor         4    0[COMMON] unsigned long 
  dividend        4    4[COMMON] unsigned long 
 Auto vars:     Size  Location     Type
  quotient        4    9[COMMON] unsigned long 
  counter         1   13[COMMON] unsigned char 
 Return value:  Size  Location     Type
                  4    0[COMMON] unsigned long 
 Registers used:
		wreg, status,2, status,0
 Tracked objects:
		On entry : 
		On exit  : 
		Unchanged: 
 Data sizes:     COMMON   BANK0   BANK1   BANK2   BANK3   BANK4
      Params:         8       0       0       0       0       0
      Locals:         5       0       0       0       0       0
      Temps:          1       0       0       0       0       0
      Totals:        14       0       0       0       0       0
Total ram usage:       14 bytes
 Hardware stack levels used:    1
 This function calls:
		Nothing
 This function is called by:
		_picinit
 This function uses a non-reentrant model


 *************** function _lcd_pos *****************
 Defined at:
		line 128 in file "newfile.c"
 Parameters:    Size  Location     Type
  pos_x           1    wreg     unsigned char 
  pos_y           1    5[COMMON] unsigned char 
 Auto vars:     Size  Location     Type
  pos_x           1    7[COMMON] unsigned char 
 Return value:  Size  Location     Type
                  2    5[COMMON] int 
 Registers used:
		wreg, status,2, status,0, pclath, cstack
 Tracked objects:
		On entry : 
		On exit  : 
		Unchanged: 
 Data sizes:     COMMON   BANK0   BANK1   BANK2   BANK3   BANK4
      Params:         1       0       0       0       0       0
      Locals:         1       0       0       0       0       0
      Temps:          1       0       0       0       0       0
      Totals:         3       0       0       0       0       0
Total ram usage:        3 bytes
 Hardware stack levels used:    1
 Hardware stack levels required when called:    3
 This function calls:
		_lcd_send_com
 This function is called by:
		_main
 This function uses a non-reentrant model


 *************** function _lcd_init *****************
 Defined at:
		line 114 in file "newfile.c"
 Parameters:    Size  Location     Type
		None
 Auto vars:     Size  Location     Type
		None
 Return value:  Size  Location     Type
                  1    wreg      void 
 Registers used:
		wreg, status,2, status,0, pclath, cstack
 Tracked objects:
		On entry : 
		On exit  : 
		Unchanged: 
 Data sizes:     COMMON   BANK0   BANK1   BANK2   BANK3   BANK4
      Params:         0       0       0       0       0       0
      Locals:         0       0       0       0       0       0
      Temps:          2       0       0       0       0       0
      Totals:         2       0       0       0       0       0
Total ram usage:        2 bytes
 Hardware stack levels used:    1
 Hardware stack levels required when called:    3
 This function calls:
		_lcd_send_com
 This function is called by:
		_main
 This function uses a non-reentrant model


 *************** function _lcd_send_com *****************
 Defined at:
		line 102 in file "newfile.c"
 Parameters:    Size  Location     Type
  command         1    wreg     unsigned char 
 Auto vars:     Size  Location     Type
  command         1    4[COMMON] unsigned char 
 Return value:  Size  Location     Type
                  2   89[None  ] int 
 Registers used:
		wreg, status,2, status,0, pclath, cstack
 Tracked objects:
		On entry : 
		On exit  : 
		Unchanged: 
 Data sizes:     COMMON   BANK0   BANK1   BANK2   BANK3   BANK4
      Params:         0       0       0       0       0       0
      Locals:         1       0       0       0       0       0
      Temps:          1       0       0       0       0       0
      Totals:         2       0       0       0       0       0
Total ram usage:        2 bytes
 Hardware stack levels used:    1
 Hardware stack levels required when called:    2
 This function calls:
		_lcd_i2c
 This function is called by:
		_lcd_init
		_lcd_pos
 This function uses a non-reentrant model


 *************** function _dir_o *****************
 Defined at:
		line 158 in file "newfile.c"
 Parameters:    Size  Location     Type
		None
 Auto vars:     Size  Location     Type
		None
 Return value:  Size  Location     Type
                  1    wreg      void 
 Registers used:
		wreg, fsr0l, fsr0h, fsr1l, fsr1h, status,2, status,0, pclath, cstack
 Tracked objects:
		On entry : 
		On exit  : 
		Unchanged: 
 Data sizes:     COMMON   BANK0   BANK1   BANK2   BANK3   BANK4
      Params:         0       0       0       0       0       0
      Locals:         0       0       0       0       0       0
      Temps:          0       0       0       0       0       0
      Totals:         0       0       0       0       0       0
Total ram usage:        0 bytes
 Hardware stack levels used:    1
 Hardware stack levels required when called:   11
 This function calls:
		_printf
 This function is called by:
		_main
 This function uses a non-reentrant model


 *************** function _printf *****************
 Defined at:
		line 5 in file "C:\Program Files (x86)\Microchip\xc8\v2.10\pic\sources\c99\common\printf.c"
 Parameters:    Size  Location     Type
  fmt             2   71[BANK0 ] PTR const unsigned char 
		 -> STR_5(9), STR_4(9), STR_3(6), STR_2(6), 
		 -> STR_1(13), 
 Auto vars:     Size  Location     Type
  ret             2    0        int 
  ap              1   78[BANK0 ] PTR void [1]
		 -> ?_printf(2), 
 Return value:  Size  Location     Type
                  2   71[BANK0 ] int 
 Registers used:
		wreg, fsr0l, fsr0h, fsr1l, fsr1h, status,2, status,0, pclath, cstack
 Tracked objects:
		On entry : 
		On exit  : 
		Unchanged: 
 Data sizes:     COMMON   BANK0   BANK1   BANK2   BANK3   BANK4
      Params:         0       4       0       0       0       0
      Locals:         0       3       0       0       0       0
      Temps:          0       1       0       0       0       0
      Totals:         0       8       0       0       0       0
Total ram usage:        8 bytes
 Hardware stack levels used:    1
 Hardware stack levels required when called:   10
 This function calls:
		_vfprintf
 This function is called by:
		_pwm_lcd
		_dir_o
		_reset_o
 This function uses a non-reentrant model


 *************** function _vfprintf *****************
 Defined at:
		line 1368 in file "C:\Program Files (x86)\Microchip\xc8\v2.10\pic\sources\c99\common\doprnt.c"
 Parameters:    Size  Location     Type
  fp              1    wreg     PTR struct _IO_FILE
		 -> NULL(0), 
  fmt             2   63[BANK0 ] PTR const unsigned char 
		 -> STR_5(9), STR_4(9), STR_3(6), STR_2(6), 
		 -> STR_1(13), 
  ap              1   65[BANK0 ] PTR PTR void 
		 -> printf@ap(1), 
 Auto vars:     Size  Location     Type
  fp              1   68[BANK0 ] PTR struct _IO_FILE
		 -> NULL(0), 
  cfmt            2   69[BANK0 ] PTR unsigned char 
		 -> STR_5(9), STR_4(9), STR_3(6), STR_2(6), 
		 -> STR_1(13), 
 Return value:  Size  Location     Type
                  2   63[BANK0 ] int 
 Registers used:
		wreg, fsr0l, fsr0h, fsr1l, fsr1h, status,2, status,0, pclath, cstack
 Tracked objects:
		On entry : 
		On exit  : 
		Unchanged: 
 Data sizes:     COMMON   BANK0   BANK1   BANK2   BANK3   BANK4
      Params:         0       3       0       0       0       0
      Locals:         0       3       0       0       0       0
      Temps:          0       2       0       0       0       0
      Totals:         0       8       0       0       0       0
Total ram usage:        8 bytes
 Hardware stack levels used:    1
 Hardware stack levels required when called:    9
 This function calls:
		_vfpfcnvrt
 This function is called by:
		_printf
 This function uses a non-reentrant model


 *************** function _vfpfcnvrt *****************
 Defined at:
		line 670 in file "C:\Program Files (x86)\Microchip\xc8\v2.10\pic\sources\c99\common\doprnt.c"
 Parameters:    Size  Location     Type
  fp              1    wreg     PTR struct _IO_FILE
		 -> NULL(0), 
  fmt             1   47[BANK0 ] PTR PTR unsigned char 
		 -> vfprintf@cfmt(2), 
  ap              1   48[BANK0 ] PTR PTR void 
		 -> printf@ap(1), 
 Auto vars:     Size  Location     Type
  fp              1   62[BANK0 ] PTR struct _IO_FILE
		 -> NULL(0), 
  ll              8   54[BANK0 ] long long 
  llu             8    0        unsigned long long 
  f               4    0        unsigned long long 
  ct              3    0        unsigned char [3]
  vp              2    0        PTR void 
  i               2    0        int 
  done            2    0        int 
  cp              2    0        PTR unsigned char 
  c               1    0        unsigned char 
 Return value:  Size  Location     Type
                  2   47[BANK0 ] int 
 Registers used:
		wreg, fsr0l, fsr0h, fsr1l, fsr1h, status,2, status,0, pclath, cstack
 Tracked objects:
		On entry : 
		On exit  : 
		Unchanged: 
 Data sizes:     COMMON   BANK0   BANK1   BANK2   BANK3   BANK4
      Params:         0       2       0       0       0       0
      Locals:         0       9       0       0       0       0
      Temps:          0       5       0       0       0       0
      Totals:         0      16       0       0       0       0
Total ram usage:       16 bytes
 Hardware stack levels used:    1
 Hardware stack levels required when called:    8
 This function calls:
		_dtoa
		_fputc
 This function is called by:
		_vfprintf
 This function uses a non-reentrant model


 *************** function _dtoa *****************
 Defined at:
		line 274 in file "C:\Program Files (x86)\Microchip\xc8\v2.10\pic\sources\c99\common\doprnt.c"
 Parameters:    Size  Location     Type
  fp              1    wreg     PTR struct _IO_FILE
		 -> NULL(0), 
  d               8   17[BANK0 ] long long 
 Auto vars:     Size  Location     Type
  fp              1   32[BANK0 ] PTR struct _IO_FILE
		 -> NULL(0), 
  n               8   37[BANK0 ] long long 
  i               2   45[BANK0 ] int 
  s               2   35[BANK0 ] int 
  w               2   33[BANK0 ] int 
  p               2   30[BANK0 ] int 
 Return value:  Size  Location     Type
                  2   17[BANK0 ] int 
 Registers used:
		wreg, fsr1l, fsr1h, status,2, status,0, pclath, cstack
 Tracked objects:
		On entry : 
		On exit  : 
		Unchanged: 
 Data sizes:     COMMON   BANK0   BANK1   BANK2   BANK3   BANK4
      Params:         0       8       0       0       0       0
      Locals:         0      19       0       0       0       0
      Temps:          0       3       0       0       0       0
      Totals:         0      30       0       0       0       0
Total ram usage:       30 bytes
 Hardware stack levels used:    1
 Hardware stack levels required when called:    7
 This function calls:
		___aodiv
		___aomod
		_abs
		_pad
 This function is called by:
		_vfpfcnvrt
 This function uses a non-reentrant model


 *************** function _pad *****************
 Defined at:
		line 72 in file "C:\Program Files (x86)\Microchip\xc8\v2.10\pic\sources\c99\common\doprnt.c"
 Parameters:    Size  Location     Type
  fp              1    wreg     PTR struct _IO_FILE
		 -> NULL(0), 
  buf             1    8[BANK0 ] PTR unsigned char 
		 -> dbuf(32), 
  p               2    9[BANK0 ] int 
 Auto vars:     Size  Location     Type
  fp              1   16[BANK0 ] PTR struct _IO_FILE
		 -> NULL(0), 
  w               2   14[BANK0 ] int 
  i               2   12[BANK0 ] int 
 Return value:  Size  Location     Type
                  2    8[BANK0 ] int 
 Registers used:
		wreg, fsr1l, fsr1h, status,2, status,0, pclath, cstack
 Tracked objects:
		On entry : 
		On exit  : 
		Unchanged: 
 Data sizes:     COMMON   BANK0   BANK1   BANK2   BANK3   BANK4
      Params:         0       3       0       0       0       0
      Locals:         0       5       0       0       0       0
      Temps:          0       1       0       0       0       0
      Totals:         0       9       0       0       0       0
Total ram usage:        9 bytes
 Hardware stack levels used:    1
 Hardware stack levels required when called:    6
 This function calls:
		_fputc
		_fputs
		_strlen
 This function is called by:
		_dtoa
 This function uses a non-reentrant model


 *************** function _strlen *****************
 Defined at:
		line 5 in file "C:\Program Files (x86)\Microchip\xc8\v2.10\pic\sources\c99\common\strlen.c"
 Parameters:    Size  Location     Type
  s               1    wreg     PTR const unsigned char 
		 -> dbuf(32), 
 Auto vars:     Size  Location     Type
  s               1    4[COMMON] PTR const unsigned char 
		 -> dbuf(32), 
  a               1    3[COMMON] PTR const unsigned char 
		 -> dbuf(32), 
 Return value:  Size  Location     Type
                  2    0[COMMON] unsigned int 
 Registers used:
		wreg, fsr1l, fsr1h, status,2, status,0
 Tracked objects:
		On entry : 
		On exit  : 
		Unchanged: 
 Data sizes:     COMMON   BANK0   BANK1   BANK2   BANK3   BANK4
      Params:         2       0       0       0       0       0
      Locals:         2       0       0       0       0       0
      Temps:          1       0       0       0       0       0
      Totals:         5       0       0       0       0       0
Total ram usage:        5 bytes
 Hardware stack levels used:    1
 This function calls:
		Nothing
 This function is called by:
		_pad
 This function uses a non-reentrant model


 *************** function _fputs *****************
 Defined at:
		line 8 in file "C:\Program Files (x86)\Microchip\xc8\v2.10\pic\sources\c99\common\nf_fputs.c"
 Parameters:    Size  Location     Type
  s               1    wreg     PTR const unsigned char 
		 -> dbuf(32), 
  fp              1    0[BANK0 ] PTR struct _IO_FILE
		 -> NULL(0), 
 Auto vars:     Size  Location     Type
  s               1    7[BANK0 ] PTR const unsigned char 
		 -> dbuf(32), 
  i               2    5[BANK0 ] int 
  c               1    4[BANK0 ] unsigned char 
 Return value:  Size  Location     Type
                  2    0[BANK0 ] int 
 Registers used:
		wreg, fsr1l, fsr1h, status,2, status,0, pclath, cstack
 Tracked objects:
		On entry : 
		On exit  : 
		Unchanged: 
 Data sizes:     COMMON   BANK0   BANK1   BANK2   BANK3   BANK4
      Params:         0       1       0       0       0       0
      Locals:         0       4       0       0       0       0
      Temps:          0       3       0       0       0       0
      Totals:         0       8       0       0       0       0
Total ram usage:        8 bytes
 Hardware stack levels used:    1
 Hardware stack levels required when called:    5
 This function calls:
		_fputc
 This function is called by:
		_pad
 This function uses a non-reentrant model


 *************** function _fputc *****************
 Defined at:
		line 8 in file "C:\Program Files (x86)\Microchip\xc8\v2.10\pic\sources\c99\common\nf_fputc.c"
 Parameters:    Size  Location     Type
  c               2    6[COMMON] int 
  fp              1    8[COMMON] PTR struct _IO_FILE
		 -> NULL(0), 
 Auto vars:     Size  Location     Type
		None
 Return value:  Size  Location     Type
                  2    6[COMMON] int 
 Registers used:
		wreg, fsr1l, fsr1h, status,2, status,0, pclath, cstack
 Tracked objects:
		On entry : 
		On exit  : 
		Unchanged: 
 Data sizes:     COMMON   BANK0   BANK1   BANK2   BANK3   BANK4
      Params:         3       0       0       0       0       0
      Locals:         0       0       0       0       0       0
      Temps:          5       0       0       0       0       0
      Totals:         8       0       0       0       0       0
Total ram usage:        8 bytes
 Hardware stack levels used:    1
 Hardware stack levels required when called:    4
 This function calls:
		_putch
 This function is called by:
		_pad
		_vfpfcnvrt
		_fputs
 This function uses a non-reentrant model


 *************** function _putch *****************
 Defined at:
		line 133 in file "newfile.c"
 Parameters:    Size  Location     Type
  character       1    wreg     unsigned char 
 Auto vars:     Size  Location     Type
  character       1    5[COMMON] unsigned char 
 Return value:  Size  Location     Type
                  1    wreg      void 
 Registers used:
		wreg, status,2, status,0, pclath, cstack
 Tracked objects:
		On entry : 
		On exit  : 
		Unchanged: 
 Data sizes:     COMMON   BANK0   BANK1   BANK2   BANK3   BANK4
      Params:         0       0       0       0       0       0
      Locals:         1       0       0       0       0       0
      Temps:          0       0       0       0       0       0
      Totals:         1       0       0       0       0       0
Total ram usage:        1 bytes
 Hardware stack levels used:    1
 Hardware stack levels required when called:    3
 This function calls:
		_lcd_send_char
 This function is called by:
		_fputc
 This function uses a non-reentrant model


 *************** function _lcd_send_char *****************
 Defined at:
		line 108 in file "newfile.c"
 Parameters:    Size  Location     Type
  data            1    wreg     unsigned char 
 Auto vars:     Size  Location     Type
  data            1    4[COMMON] unsigned char 
 Return value:  Size  Location     Type
                  2   92[None  ] int 
 Registers used:
		wreg, status,2, status,0, pclath, cstack
 Tracked objects:
		On entry : 
		On exit  : 
		Unchanged: 
 Data sizes:     COMMON   BANK0   BANK1   BANK2   BANK3   BANK4
      Params:         0       0       0       0       0       0
      Locals:         1       0       0       0       0       0
      Temps:          1       0       0       0       0       0
      Totals:         2       0       0       0       0       0
Total ram usage:        2 bytes
 Hardware stack levels used:    1
 Hardware stack levels required when called:    2
 This function calls:
		_lcd_i2c
 This function is called by:
		_putch
 This function uses a non-reentrant model


 *************** function _lcd_i2c *****************
 Defined at:
		line 93 in file "newfile.c"
 Parameters:    Size  Location     Type
  con             1    wreg     unsigned char 
  data            1    1[COMMON] unsigned char 
 Auto vars:     Size  Location     Type
  con             1    2[COMMON] unsigned char 
 Return value:  Size  Location     Type
                  2    1[COMMON] int 
 Registers used:
		wreg, status,2, status,0, pclath, cstack
 Tracked objects:
		On entry : 
		On exit  : 
		Unchanged: 
 Data sizes:     COMMON   BANK0   BANK1   BANK2   BANK3   BANK4
      Params:         1       0       0       0       0       0
      Locals:         1       0       0       0       0       0
      Temps:          0       0       0       0       0       0
      Totals:         2       0       0       0       0       0
Total ram usage:        2 bytes
 Hardware stack levels used:    1
 Hardware stack levels required when called:    1
 This function calls:
		_i2c_send
		_i2c_start
		_i2c_stop
 This function is called by:
		_lcd_send_com
		_lcd_send_char
 This function uses a non-reentrant model


 *************** function _i2c_stop *****************
 Defined at:
		line 62 in file "newfile.c"
 Parameters:    Size  Location     Type
		None
 Auto vars:     Size  Location     Type
		None
 Return value:  Size  Location     Type
                  2   69[None  ] int 
 Registers used:
		None
 Tracked objects:
		On entry : 
		On exit  : 
		Unchanged: 
 Data sizes:     COMMON   BANK0   BANK1   BANK2   BANK3   BANK4
      Params:         0       0       0       0       0       0
      Locals:         0       0       0       0       0       0
      Temps:          0       0       0       0       0       0
      Totals:         0       0       0       0       0       0
Total ram usage:        0 bytes
 Hardware stack levels used:    1
 This function calls:
		Nothing
 This function is called by:
		_lcd_i2c
 This function uses a non-reentrant model


 *************** function _i2c_start *****************
 Defined at:
		line 54 in file "newfile.c"
 Parameters:    Size  Location     Type
		None
 Auto vars:     Size  Location     Type
		None
 Return value:  Size  Location     Type
                  2   63[None  ] int 
 Registers used:
		None
 Tracked objects:
		On entry : 
		On exit  : 
		Unchanged: 
 Data sizes:     COMMON   BANK0   BANK1   BANK2   BANK3   BANK4
      Params:         0       0       0       0       0       0
      Locals:         0       0       0       0       0       0
      Temps:          0       0       0       0       0       0
      Totals:         0       0       0       0       0       0
Total ram usage:        0 bytes
 Hardware stack levels used:    1
 This function calls:
		Nothing
 This function is called by:
		_lcd_i2c
 This function uses a non-reentrant model


 *************** function _i2c_send *****************
 Defined at:
		line 70 in file "newfile.c"
 Parameters:    Size  Location     Type
  data            1    wreg     unsigned char 
 Auto vars:     Size  Location     Type
  data            1    0[COMMON] unsigned char 
 Return value:  Size  Location     Type
                  2   75[None  ] int 
 Registers used:
		wreg
 Tracked objects:
		On entry : 
		On exit  : 
		Unchanged: 
 Data sizes:     COMMON   BANK0   BANK1   BANK2   BANK3   BANK4
      Params:         0       0       0       0       0       0
      Locals:         1       0       0       0       0       0
      Temps:          0       0       0       0       0       0
      Totals:         1       0       0       0       0       0
Total ram usage:        1 bytes
 Hardware stack levels used:    1
 This function calls:
		Nothing
 This function is called by:
		_lcd_i2c
 This function uses a non-reentrant model


 *************** function _abs *****************
 Defined at:
		line 1 in file "C:\Program Files (x86)\Microchip\xc8\v2.10\pic\sources\c99\common\abs.c"
 Parameters:    Size  Location     Type
  a               2    3[COMMON] int 
 Auto vars:     Size  Location     Type
		None
 Return value:  Size  Location     Type
                  2    3[COMMON] int 
 Registers used:
		wreg, status,2, status,0
 Tracked objects:
		On entry : 
		On exit  : 
		Unchanged: 
 Data sizes:     COMMON   BANK0   BANK1   BANK2   BANK3   BANK4
      Params:         2       0       0       0       0       0
      Locals:         0       0       0       0       0       0
      Temps:          2       0       0       0       0       0
      Totals:         4       0       0       0       0       0
Total ram usage:        4 bytes
 Hardware stack levels used:    1
 This function calls:
		Nothing
 This function is called by:
		_dtoa
 This function uses a non-reentrant model


 *************** function ___aomod *****************
 Defined at:
		line 7 in file "C:\Program Files (x86)\Microchip\xc8\v2.10\pic\sources\c99\common\aomod.c"
 Parameters:    Size  Location     Type
  divisor         8    0[BANK0 ] long long 
  dividend        8    8[BANK0 ] long long 
 Auto vars:     Size  Location     Type
  sign            1    2[COMMON] unsigned char 
  counter         1    1[COMMON] unsigned char 
 Return value:  Size  Location     Type
                  8    0[BANK0 ] long long 
 Registers used:
		wreg, fsr1l, fsr1h, status,2, status,0
 Tracked objects:
		On entry : 
		On exit  : 
		Unchanged: 
 Data sizes:     COMMON   BANK0   BANK1   BANK2   BANK3   BANK4
      Params:         0      16       0       0       0       0
      Locals:         2       0       0       0       0       0
      Temps:          1       0       0       0       0       0
      Totals:         3      16       0       0       0       0
Total ram usage:       19 bytes
 Hardware stack levels used:    1
 This function calls:
		Nothing
 This function is called by:
		_dtoa
 This function uses a non-reentrant model


 *************** function ___aodiv *****************
 Defined at:
		line 7 in file "C:\Program Files (x86)\Microchip\xc8\v2.10\pic\sources\c99\common\aodiv.c"
 Parameters:    Size  Location     Type
  divisor         8    0[BANK0 ] long long 
  dividend        8    8[BANK0 ] long long 
 Auto vars:     Size  Location     Type
  quotient        8    3[COMMON] long long 
  sign            1    2[COMMON] unsigned char 
  counter         1    1[COMMON] unsigned char 
 Return value:  Size  Location     Type
                  8    0[BANK0 ] long long 
 Registers used:
		wreg, fsr1l, fsr1h, status,2, status,0
 Tracked objects:
		On entry : 
		On exit  : 
		Unchanged: 
 Data sizes:     COMMON   BANK0   BANK1   BANK2   BANK3   BANK4
      Params:         0      16       0       0       0       0
      Locals:        10       0       0       0       0       0
      Temps:          1       0       0       0       0       0
      Totals:        11      16       0       0       0       0
Total ram usage:       27 bytes
 Hardware stack levels used:    1
 This function calls:
		Nothing
 This function is called by:
		_dtoa
 This function uses a non-reentrant model


 *************** function _adc_h *****************
 Defined at:
		line 138 in file "newfile.c"
 Parameters:    Size  Location     Type
		None
 Auto vars:     Size  Location     Type
  adc             2    2[COMMON] unsigned int 
 Return value:  Size  Location     Type
                  2    0[COMMON] int 
 Registers used:
		wreg, status,2
 Tracked objects:
		On entry : 
		On exit  : 
		Unchanged: 
 Data sizes:     COMMON   BANK0   BANK1   BANK2   BANK3   BANK4
      Params:         2       0       0       0       0       0
      Locals:         2       0       0       0       0       0
      Temps:          0       0       0       0       0       0
      Totals:         4       0       0       0       0       0
Total ram usage:        4 bytes
 Hardware stack levels used:    1
 This function calls:
		Nothing
 This function is called by:
		_main
 This function uses a non-reentrant model


 *************** function ___awdiv *****************
 Defined at:
		line 5 in file "C:\Program Files (x86)\Microchip\xc8\v2.10\pic\sources\c99\common\awdiv.c"
 Parameters:    Size  Location     Type
  divisor         2    6[COMMON] int 
  dividend        2    8[COMMON] int 
 Auto vars:     Size  Location     Type
  quotient        2    2[BANK0 ] int 
  sign            1    1[BANK0 ] unsigned char 
  counter         1    0[BANK0 ] unsigned char 
 Return value:  Size  Location     Type
                  2    6[COMMON] int 
 Registers used:
		wreg, status,2, status,0
 Tracked objects:
		On entry : 
		On exit  : 
		Unchanged: 
 Data sizes:     COMMON   BANK0   BANK1   BANK2   BANK3   BANK4
      Params:         4       0       0       0       0       0
      Locals:         0       4       0       0       0       0
      Temps:          1       0       0       0       0       0
      Totals:         5       4       0       0       0       0
Total ram usage:        9 bytes
 Hardware stack levels used:    1
 This function calls:
		Nothing
 This function is called by:
		_main
 This function uses a non-reentrant model



MODULE INFORMATION

Module		Function		Class		Link	Load	Size
C:\Program Files (x86)\Microchip\xc8\v2.10\pic\sources\c99\common\aodiv.c
		___aodiv       		CODE           	0575	0000	258

C:\Program Files (x86)\Microchip\xc8\v2.10\pic\sources\c99\common\aodiv.c estimated size: 258

C:\Program Files (x86)\Microchip\xc8\v2.10\pic\sources\c99\common\awdiv.c
		___awdiv       		CODE           	02E5	0000	97

C:\Program Files (x86)\Microchip\xc8\v2.10\pic\sources\c99\common\awdiv.c estimated size: 97

C:\Program Files (x86)\Microchip\xc8\v2.10\pic\sources\c99\common\strlen.c
		_strlen        		CODE           	0082	0000	26

C:\Program Files (x86)\Microchip\xc8\v2.10\pic\sources\c99\common\strlen.c estimated size: 26

C:\Program Files (x86)\Microchip\xc8\v2.10\pic\sources\c99\common\__lldiv.c
		___lldiv       		CODE           	028B	0000	91

C:\Program Files (x86)\Microchip\xc8\v2.10\pic\sources\c99\common\__lldiv.c estimated size: 91

C:\Program Files (x86)\Microchip\xc8\v2.10\pic\sources\c99\common\doprnt.c
		_vfpfcnvrt     		CODE           	03B0	0000	220
		_pad           		CODE           	0232	0000	90
		_dtoa          		CODE           	0676	0000	367
		_vfprintf      		CODE           	0156	0000	50

C:\Program Files (x86)\Microchip\xc8\v2.10\pic\sources\c99\common\doprnt.c estimated size: 727

newfile.c
		_reset_o       		CODE           	00B4	0000	26
		_lcd_send_com  		CODE           	003A	0000	18
		_pwm_lcd       		CODE           	004B	0000	18
		_i2c_start     		CODE           	0FDD	0000	12
		_lcd_send_char 		CODE           	0029	0000	18
		_putch         		CODE           	0FD7	0000	7
		_lcd_i2c       		CODE           	006E	0000	21
		_main          		CODE           	0345	0000	108
		_lcd_pos       		CODE           	001A	0000	16
		_dir_o         		CODE           	009B	0000	26
		_pwm_h         		CODE           	012E	0000	41
		_adc_h         		CODE           	000B	0000	16
		_picinit       		CODE           	01B8	0000	60
		_i2c_stop      		CODE           	0FE8	0000	12
		_i2c_send      		CODE           	0FF3	0000	14
		_lcd_init      		CODE           	0187	0000	50

newfile.c estimated size: 463

C:\Program Files (x86)\Microchip\xc8\v2.10\pic\sources\c99\common\nf_fputs.c
		_fputs         		CODE           	0106	0000	41

C:\Program Files (x86)\Microchip\xc8\v2.10\pic\sources\c99\common\nf_fputs.c estimated size: 41

shared
		__initialization		CODE           	07E4	0000	26

shared estimated size: 26

C:\Program Files (x86)\Microchip\xc8\v2.10\pic\sources\c99\common\aomod.c
		___aomod       		CODE           	048B	0000	235

C:\Program Files (x86)\Microchip\xc8\v2.10\pic\sources\c99\common\aomod.c estimated size: 235

C:\Program Files (x86)\Microchip\xc8\v2.10\pic\sources\c99\common\abs.c
		_abs           		CODE           	00CD	0000	27

C:\Program Files (x86)\Microchip\xc8\v2.10\pic\sources\c99\common\abs.c estimated size: 27

C:\Program Files (x86)\Microchip\xc8\v2.10\pic\sources\c99\common\Umul16.c
		___wmul        		CODE           	00E7	0000	32

C:\Program Files (x86)\Microchip\xc8\v2.10\pic\sources\c99\common\Umul16.c estimated size: 32

C:\Program Files (x86)\Microchip\xc8\v2.10\pic\sources\c99\common\printf.c
		_printf        		CODE           	005C	0000	19

C:\Program Files (x86)\Microchip\xc8\v2.10\pic\sources\c99\common\printf.c estimated size: 19

C:\Program Files (x86)\Microchip\xc8\v2.10\pic\sources\c99\common\nf_fputc.c
		_fputc         		CODE           	01F3	0000	64

C:\Program Files (x86)\Microchip\xc8\v2.10\pic\sources\c99\common\nf_fputc.c estimated size: 64

